// Jest Snapshot v1, https://goo.gl/fbAQLP

exports[`App component renders without crashing 1`] = `
<div
  className="App"
  style={
    Object {
      "alignItems": "center",
      "display": "flex",
      "justifyContent": "center",
    }
  }
>
  <div
    className="mainCard"
  >
    <h1
      className="headerText"
    >
      React Conf 2019
    </h1>
    <div
      className="card card-4 card-space"
    >
      <div
        className="inputSize"
      >
        <h3
          className="inputText"
        >
          Regular Input
        </h3>
        <table>
          <tbody>
            <tr>
              <td>
                <Input
                  disabled={false}
                  id="first-input"
                />
              </td>
              <td>
                <Checkbox
                  checked={false}
                  onCheck={[Function]}
                />
              </td>
            </tr>
          </tbody>
        </table>
      </div>
      <div
        className="inputSize"
      >
        <h3
          className="inputText"
        >
          Email Input
        </h3>
        <div>
          <Input
            email={true}
            id="email-input"
            onChange={[Function]}
            value=""
          />
        </div>
      </div>
    </div>
  </div>
</div>
`;
